seed=617 max_steps=1000 restarts=1 noise=0.005 init=affine breakout=1 swap=0 six_sets=230230
best=2947 restart=0 step=0
best=2728 restart=0 step=1 total_steps=1 seconds=0.012
best=2507 restart=0 step=2 total_steps=2 seconds=0.042
best=2307 restart=0 step=3 total_steps=3 seconds=0.044
best=2193 restart=0 step=4 total_steps=4 seconds=0.045
best=2032 restart=0 step=5 total_steps=5 seconds=0.047
best=1916 restart=0 step=6 total_steps=6 seconds=0.069
best=1829 restart=0 step=7 total_steps=7 seconds=0.071
best=1749 restart=0 step=8 total_steps=8 seconds=0.072
best=1696 restart=0 step=9 total_steps=9 seconds=0.073
best=1651 restart=0 step=10 total_steps=10 seconds=0.075
best=1611 restart=0 step=11 total_steps=11 seconds=0.076
best=1571 restart=0 step=12 total_steps=12 seconds=0.078
best=1472 restart=0 step=13 total_steps=13 seconds=0.079
best=1397 restart=0 step=14 total_steps=14 seconds=0.081
best=1308 restart=0 step=15 total_steps=15 seconds=0.083
best=1243 restart=0 step=16 total_steps=16 seconds=0.084
best=1160 restart=0 step=17 total_steps=17 seconds=0.086
best=1139 restart=0 step=18 total_steps=18 seconds=0.087
best=1120 restart=0 step=19 total_steps=19 seconds=0.089
best=1101 restart=0 step=20 total_steps=20 seconds=0.090
best=1082 restart=0 step=21 total_steps=21 seconds=0.091
best=1063 restart=0 step=22 total_steps=22 seconds=0.092
best=1045 restart=0 step=23 total_steps=23 seconds=0.093
best=1029 restart=0 step=24 total_steps=24 seconds=0.095
best=1013 restart=0 step=25 total_steps=25 seconds=0.096
best=997 restart=0 step=26 total_steps=26 seconds=0.098
best=982 restart=0 step=27 total_steps=27 seconds=0.099
best=967 restart=0 step=28 total_steps=28 seconds=0.101
best=953 restart=0 step=29 total_steps=29 seconds=0.102
best=939 restart=0 step=30 total_steps=30 seconds=0.108
best=927 restart=0 step=31 total_steps=31 seconds=0.109
best=915 restart=0 step=32 total_steps=32 seconds=0.110
best=904 restart=0 step=33 total_steps=33 seconds=0.112
best=893 restart=0 step=34 total_steps=34 seconds=0.114
best=883 restart=0 step=35 total_steps=35 seconds=0.115
best=874 restart=0 step=36 total_steps=36 seconds=0.116
best=864 restart=0 step=37 total_steps=37 seconds=0.118
best=859 restart=0 step=38 total_steps=38 seconds=0.119
best=854 restart=0 step=39 total_steps=39 seconds=0.121
best=849 restart=0 step=40 total_steps=40 seconds=0.122
best=845 restart=0 step=41 total_steps=41 seconds=0.123
best=842 restart=0 step=42 total_steps=42 seconds=0.124
best=838 restart=0 step=43 total_steps=43 seconds=0.125
best=835 restart=0 step=44 total_steps=44 seconds=0.126
best=834 restart=0 step=45 total_steps=45 seconds=0.128
best=833 restart=0 step=46 total_steps=46 seconds=0.130
best=832 restart=0 step=47 total_steps=47 seconds=0.132
best=831 restart=0 step=48 total_steps=48 seconds=0.133
best=830 restart=0 step=49 total_steps=49 seconds=0.134
best=829 restart=0 step=50 total_steps=50 seconds=0.151
best=828 restart=0 step=51 total_steps=51 seconds=0.153
best=827 restart=0 step=69 total_steps=69 seconds=0.239
best=823 restart=0 step=72 total_steps=72 seconds=0.242
best=822 restart=0 step=73 total_steps=73 seconds=0.243
best=821 restart=0 step=77 total_steps=77 seconds=0.246
best=811 restart=0 step=196 total_steps=196 seconds=0.318
best=807 restart=0 step=197 total_steps=197 seconds=0.329
best=796 restart=0 step=209 total_steps=209 seconds=0.336
restart_done=0 restart_best=796 final=1068 total_steps=1000
NOT_FOUND global_best=796 total_steps=1000
