seed=622 max_steps=100000 restarts=3 noise=0.001 init=affine breakout=1 swap=0 balanced_init=1 min_edges=59 six_sets=230230
best=2985 restart=0 step=0
best=2767 restart=0 step=1 total_steps=1 seconds=0.010
best=2595 restart=0 step=2 total_steps=2 seconds=0.012
best=2446 restart=0 step=3 total_steps=3 seconds=0.022
best=2251 restart=0 step=4 total_steps=4 seconds=0.023
best=2122 restart=0 step=5 total_steps=5 seconds=0.024
best=1995 restart=0 step=6 total_steps=6 seconds=0.035
best=1931 restart=0 step=7 total_steps=7 seconds=0.036
best=1869 restart=0 step=8 total_steps=8 seconds=0.037
best=1813 restart=0 step=9 total_steps=9 seconds=0.047
best=1767 restart=0 step=10 total_steps=10 seconds=0.059
best=1657 restart=0 step=11 total_steps=11 seconds=0.070
best=1602 restart=0 step=12 total_steps=12 seconds=0.081
best=1557 restart=0 step=13 total_steps=13 seconds=0.082
best=1515 restart=0 step=14 total_steps=14 seconds=0.092
best=1462 restart=0 step=15 total_steps=15 seconds=0.102
best=1397 restart=0 step=16 total_steps=16 seconds=0.112
best=1359 restart=0 step=17 total_steps=17 seconds=0.113
best=1325 restart=0 step=18 total_steps=18 seconds=0.114
best=1295 restart=0 step=19 total_steps=19 seconds=0.125
best=1265 restart=0 step=20 total_steps=20 seconds=0.135
best=1237 restart=0 step=21 total_steps=21 seconds=0.144
best=1209 restart=0 step=22 total_steps=22 seconds=0.145
best=1184 restart=0 step=23 total_steps=23 seconds=0.146
best=1159 restart=0 step=24 total_steps=24 seconds=0.148
best=1138 restart=0 step=25 total_steps=25 seconds=0.149
best=1117 restart=0 step=26 total_steps=26 seconds=0.150
best=1097 restart=0 step=27 total_steps=27 seconds=0.150
best=1077 restart=0 step=28 total_steps=28 seconds=0.152
best=1061 restart=0 step=29 total_steps=29 seconds=0.152
best=1046 restart=0 step=30 total_steps=30 seconds=0.163
best=1030 restart=0 step=31 total_steps=31 seconds=0.173
best=1015 restart=0 step=32 total_steps=32 seconds=0.183
best=1001 restart=0 step=33 total_steps=33 seconds=0.194
best=989 restart=0 step=34 total_steps=34 seconds=0.195
best=980 restart=0 step=35 total_steps=35 seconds=0.196
best=972 restart=0 step=36 total_steps=36 seconds=0.197
best=964 restart=0 step=37 total_steps=37 seconds=0.198
best=956 restart=0 step=38 total_steps=38 seconds=0.199
best=950 restart=0 step=39 total_steps=39 seconds=0.209
best=946 restart=0 step=40 total_steps=40 seconds=0.220
best=938 restart=0 step=41 total_steps=41 seconds=0.221
best=936 restart=0 step=42 total_steps=42 seconds=0.222
best=931 restart=0 step=45 total_steps=45 seconds=0.233
best=929 restart=0 step=46 total_steps=46 seconds=0.245
best=913 restart=0 step=356 total_steps=356 seconds=0.307
best=901 restart=0 step=360 total_steps=360 seconds=0.308
best=898 restart=0 step=361 total_steps=361 seconds=0.309
best=897 restart=0 step=364 total_steps=364 seconds=0.318
restart_done=0 restart_best=897 final=2665 total_steps=100000
best=893 restart=1 step=48 total_steps=100048 seconds=27.276
best=881 restart=1 step=54 total_steps=100054 seconds=27.279
best=876 restart=1 step=2765 total_steps=102765 seconds=28.024
restart_done=1 restart_best=876 final=2318 total_steps=200000
best=875 restart=2 step=42 total_steps=200042 seconds=54.010
best=874 restart=2 step=43 total_steps=200043 seconds=54.012
best=871 restart=2 step=74 total_steps=200074 seconds=54.022
best=870 restart=2 step=3989 total_steps=203989 seconds=55.276
restart_done=2 restart_best=870 final=2698 total_steps=300000
NOT_FOUND global_best=870 total_steps=300000
