seed=621 max_steps=100000 restarts=3 noise=0.001 init=affine breakout=1 swap=0 six_sets=230230
best=3305 restart=0 step=0
best=3044 restart=0 step=1 total_steps=1 seconds=0.013
best=2834 restart=0 step=2 total_steps=2 seconds=0.014
best=2639 restart=0 step=3 total_steps=3 seconds=0.015
best=2557 restart=0 step=4 total_steps=4 seconds=0.016
best=2431 restart=0 step=5 total_steps=5 seconds=0.018
best=2326 restart=0 step=6 total_steps=6 seconds=0.019
best=2188 restart=0 step=7 total_steps=7 seconds=0.021
best=2048 restart=0 step=8 total_steps=8 seconds=0.021
best=1928 restart=0 step=9 total_steps=9 seconds=0.033
best=1765 restart=0 step=10 total_steps=10 seconds=0.045
best=1633 restart=0 step=11 total_steps=11 seconds=0.056
best=1493 restart=0 step=12 total_steps=12 seconds=0.067
best=1400 restart=0 step=13 total_steps=13 seconds=0.078
best=1335 restart=0 step=14 total_steps=14 seconds=0.089
best=1285 restart=0 step=15 total_steps=15 seconds=0.099
best=1241 restart=0 step=16 total_steps=16 seconds=0.100
best=1216 restart=0 step=17 total_steps=17 seconds=0.101
best=1192 restart=0 step=18 total_steps=18 seconds=0.112
best=1168 restart=0 step=19 total_steps=19 seconds=0.123
best=1144 restart=0 step=20 total_steps=20 seconds=0.134
best=1125 restart=0 step=21 total_steps=21 seconds=0.146
best=1106 restart=0 step=22 total_steps=22 seconds=0.157
best=1089 restart=0 step=23 total_steps=23 seconds=0.168
best=1074 restart=0 step=24 total_steps=24 seconds=0.169
best=1059 restart=0 step=25 total_steps=25 seconds=0.169
best=1044 restart=0 step=26 total_steps=26 seconds=0.170
best=1029 restart=0 step=27 total_steps=27 seconds=0.171
best=1014 restart=0 step=28 total_steps=28 seconds=0.182
best=999 restart=0 step=29 total_steps=29 seconds=0.193
best=984 restart=0 step=30 total_steps=30 seconds=0.204
best=969 restart=0 step=31 total_steps=31 seconds=0.216
best=955 restart=0 step=32 total_steps=32 seconds=0.227
best=941 restart=0 step=33 total_steps=33 seconds=0.238
best=927 restart=0 step=34 total_steps=34 seconds=0.249
best=913 restart=0 step=35 total_steps=35 seconds=0.260
best=900 restart=0 step=36 total_steps=36 seconds=0.271
best=887 restart=0 step=37 total_steps=37 seconds=0.282
best=874 restart=0 step=38 total_steps=38 seconds=0.283
best=862 restart=0 step=39 total_steps=39 seconds=0.294
best=850 restart=0 step=40 total_steps=40 seconds=0.306
best=839 restart=0 step=41 total_steps=41 seconds=0.317
best=829 restart=0 step=42 total_steps=42 seconds=0.329
best=823 restart=0 step=43 total_steps=43 seconds=0.339
best=819 restart=0 step=44 total_steps=44 seconds=0.349
best=816 restart=0 step=45 total_steps=45 seconds=0.359
best=815 restart=0 step=46 total_steps=46 seconds=0.369
best=812 restart=0 step=47 total_steps=47 seconds=0.370
best=811 restart=0 step=48 total_steps=48 seconds=0.371
best=809 restart=0 step=113 total_steps=113 seconds=0.384
restart_done=0 restart_best=809 final=1369 total_steps=100000
best=803 restart=1 step=8114 total_steps=108114 seconds=25.501
best=794 restart=1 step=8115 total_steps=108115 seconds=25.501
best=787 restart=1 step=8116 total_steps=108116 seconds=25.502
best=786 restart=1 step=8117 total_steps=108117 seconds=25.512
restart_done=1 restart_best=786 final=920 total_steps=200000
restart_done=2 restart_best=795 final=1013 total_steps=300000
NOT_FOUND global_best=786 total_steps=300000
