seed=620 max_steps=100000 restarts=3 noise=0 init=affine breakout=1 swap=0 six_sets=230230
best=3305 restart=0 step=0
best=3113 restart=0 step=1 total_steps=1 seconds=0.009
best=2981 restart=0 step=2 total_steps=2 seconds=0.010
best=2835 restart=0 step=3 total_steps=3 seconds=0.011
best=2739 restart=0 step=4 total_steps=4 seconds=0.022
best=2595 restart=0 step=5 total_steps=5 seconds=0.023
best=2466 restart=0 step=6 total_steps=6 seconds=0.033
best=2244 restart=0 step=7 total_steps=7 seconds=0.043
best=2172 restart=0 step=8 total_steps=8 seconds=0.053
best=2090 restart=0 step=9 total_steps=9 seconds=0.063
best=1983 restart=0 step=10 total_steps=10 seconds=0.074
best=1918 restart=0 step=11 total_steps=11 seconds=0.085
best=1838 restart=0 step=12 total_steps=12 seconds=0.095
best=1750 restart=0 step=13 total_steps=13 seconds=0.106
best=1685 restart=0 step=14 total_steps=14 seconds=0.116
best=1617 restart=0 step=15 total_steps=15 seconds=0.126
best=1565 restart=0 step=16 total_steps=16 seconds=0.126
best=1517 restart=0 step=17 total_steps=17 seconds=0.127
best=1481 restart=0 step=18 total_steps=18 seconds=0.138
best=1445 restart=0 step=19 total_steps=19 seconds=0.138
best=1410 restart=0 step=20 total_steps=20 seconds=0.139
best=1377 restart=0 step=21 total_steps=21 seconds=0.150
best=1344 restart=0 step=22 total_steps=22 seconds=0.160
best=1315 restart=0 step=23 total_steps=23 seconds=0.170
best=1287 restart=0 step=24 total_steps=24 seconds=0.181
best=1260 restart=0 step=25 total_steps=25 seconds=0.191
best=1235 restart=0 step=26 total_steps=26 seconds=0.202
best=1211 restart=0 step=27 total_steps=27 seconds=0.214
best=1188 restart=0 step=28 total_steps=28 seconds=0.224
best=1164 restart=0 step=29 total_steps=29 seconds=0.234
best=1144 restart=0 step=30 total_steps=30 seconds=0.235
best=1125 restart=0 step=31 total_steps=31 seconds=0.236
best=1105 restart=0 step=32 total_steps=32 seconds=0.246
best=1090 restart=0 step=33 total_steps=33 seconds=0.247
best=1078 restart=0 step=34 total_steps=34 seconds=0.248
best=1068 restart=0 step=35 total_steps=35 seconds=0.249
best=1059 restart=0 step=36 total_steps=36 seconds=0.250
best=1050 restart=0 step=37 total_steps=37 seconds=0.261
best=1044 restart=0 step=38 total_steps=38 seconds=0.272
best=1040 restart=0 step=39 total_steps=39 seconds=0.283
best=1038 restart=0 step=40 total_steps=40 seconds=0.294
best=1036 restart=0 step=41 total_steps=41 seconds=0.295
best=1035 restart=0 step=42 total_steps=42 seconds=0.296
best=1034 restart=0 step=43 total_steps=43 seconds=0.307
best=1020 restart=0 step=44 total_steps=44 seconds=0.319
best=983 restart=0 step=45 total_steps=45 seconds=0.330
best=964 restart=0 step=46 total_steps=46 seconds=0.342
best=949 restart=0 step=47 total_steps=47 seconds=0.352
best=937 restart=0 step=48 total_steps=48 seconds=0.364
best=924 restart=0 step=49 total_steps=49 seconds=0.376
best=916 restart=0 step=50 total_steps=50 seconds=0.387
best=910 restart=0 step=51 total_steps=51 seconds=0.399
best=904 restart=0 step=52 total_steps=52 seconds=0.411
best=898 restart=0 step=53 total_steps=53 seconds=0.423
best=889 restart=0 step=54 total_steps=54 seconds=0.435
best=885 restart=0 step=55 total_steps=55 seconds=0.446
best=884 restart=0 step=66 total_steps=66 seconds=0.458
best=883 restart=0 step=67 total_steps=67 seconds=0.470
best=882 restart=0 step=68 total_steps=68 seconds=0.481
best=881 restart=0 step=71 total_steps=71 seconds=0.493
best=878 restart=0 step=99 total_steps=99 seconds=0.504
best=860 restart=0 step=100 total_steps=100 seconds=0.515
best=858 restart=0 step=703 total_steps=703 seconds=0.646
best=855 restart=0 step=704 total_steps=704 seconds=0.646
best=846 restart=0 step=878 total_steps=878 seconds=0.681
best=835 restart=0 step=879 total_steps=879 seconds=0.683
best=834 restart=0 step=882 total_steps=882 seconds=0.694
best=831 restart=0 step=883 total_steps=883 seconds=0.695
best=826 restart=0 step=884 total_steps=884 seconds=0.696
best=823 restart=0 step=40424 total_steps=40424 seconds=10.680
best=821 restart=0 step=40425 total_steps=40425 seconds=10.681
best=820 restart=0 step=40426 total_steps=40426 seconds=10.682
best=818 restart=0 step=45926 total_steps=45926 seconds=12.127
best=812 restart=0 step=45931 total_steps=45931 seconds=12.141
best=801 restart=0 step=45932 total_steps=45932 seconds=12.142
best=800 restart=0 step=45934 total_steps=45934 seconds=12.143
best=789 restart=0 step=45935 total_steps=45935 seconds=12.155
restart_done=0 restart_best=789 final=1161 total_steps=100000
restart_done=1 restart_best=792 final=1152 total_steps=200000
restart_done=2 restart_best=815 final=996 total_steps=300000
NOT_FOUND global_best=789 total_steps=300000
