seed=619 max_steps=100000 restarts=3 noise=0.03 init=affine breakout=0 swap=0 six_sets=230230
best=3156 restart=0 step=0
best=2993 restart=0 step=1 total_steps=1 seconds=0.008
best=2837 restart=0 step=2 total_steps=2 seconds=0.018
best=2799 restart=0 step=3 total_steps=3 seconds=0.027
best=2737 restart=0 step=4 total_steps=4 seconds=0.037
best=2612 restart=0 step=5 total_steps=5 seconds=0.047
best=2537 restart=0 step=6 total_steps=6 seconds=0.058
best=2485 restart=0 step=7 total_steps=7 seconds=0.069
best=2373 restart=0 step=8 total_steps=8 seconds=0.079
best=2116 restart=0 step=10 total_steps=10 seconds=0.090
best=1891 restart=0 step=11 total_steps=11 seconds=0.099
best=1858 restart=0 step=12 total_steps=12 seconds=0.100
best=1798 restart=0 step=13 total_steps=13 seconds=0.101
best=1678 restart=0 step=14 total_steps=14 seconds=0.110
best=1659 restart=0 step=15 total_steps=15 seconds=0.120
best=1629 restart=0 step=16 total_steps=16 seconds=0.121
best=1481 restart=0 step=17 total_steps=17 seconds=0.131
best=1467 restart=0 step=18 total_steps=18 seconds=0.132
best=1367 restart=0 step=19 total_steps=19 seconds=0.133
best=1349 restart=0 step=20 total_steps=20 seconds=0.135
best=1337 restart=0 step=21 total_steps=21 seconds=0.136
best=1326 restart=0 step=23 total_steps=23 seconds=0.147
best=1311 restart=0 step=24 total_steps=24 seconds=0.148
best=1310 restart=0 step=26 total_steps=26 seconds=0.157
best=1300 restart=0 step=27 total_steps=27 seconds=0.158
best=1276 restart=0 step=28 total_steps=28 seconds=0.159
best=1273 restart=0 step=29 total_steps=29 seconds=0.169
best=1162 restart=0 step=32 total_steps=32 seconds=0.179
best=1139 restart=0 step=33 total_steps=33 seconds=0.188
best=1128 restart=0 step=34 total_steps=34 seconds=0.199
best=1114 restart=0 step=35 total_steps=35 seconds=0.199
best=1103 restart=0 step=36 total_steps=36 seconds=0.200
best=1092 restart=0 step=39 total_steps=39 seconds=0.209
best=1088 restart=0 step=40 total_steps=40 seconds=0.210
best=1073 restart=0 step=41 total_steps=41 seconds=0.211
best=1063 restart=0 step=42 total_steps=42 seconds=0.212
best=1055 restart=0 step=49 total_steps=49 seconds=0.222
best=1038 restart=0 step=50 total_steps=50 seconds=0.232
best=980 restart=0 step=84 total_steps=84 seconds=0.242
best=959 restart=0 step=87 total_steps=87 seconds=0.252
best=958 restart=0 step=88 total_steps=88 seconds=0.262
best=950 restart=0 step=89 total_steps=89 seconds=0.272
best=944 restart=0 step=96 total_steps=96 seconds=0.282
best=934 restart=0 step=104 total_steps=104 seconds=0.292
best=929 restart=0 step=105 total_steps=105 seconds=0.302
best=928 restart=0 step=207 total_steps=207 seconds=0.323
best=912 restart=0 step=246 total_steps=246 seconds=0.334
best=910 restart=0 step=247 total_steps=247 seconds=0.335
best=906 restart=0 step=248 total_steps=248 seconds=0.346
best=902 restart=0 step=249 total_steps=249 seconds=0.357
best=896 restart=0 step=250 total_steps=250 seconds=0.367
best=887 restart=0 step=251 total_steps=251 seconds=0.368
best=886 restart=0 step=434 total_steps=434 seconds=0.407
best=882 restart=0 step=458 total_steps=458 seconds=0.419
best=879 restart=0 step=459 total_steps=459 seconds=0.420
best=874 restart=0 step=466 total_steps=466 seconds=0.431
best=871 restart=0 step=503 total_steps=503 seconds=0.443
best=866 restart=0 step=504 total_steps=504 seconds=0.443
best=856 restart=0 step=653 total_steps=653 seconds=0.480
best=852 restart=0 step=654 total_steps=654 seconds=0.481
best=851 restart=0 step=1629 total_steps=1629 seconds=0.688
best=850 restart=0 step=1722 total_steps=1722 seconds=0.706
best=848 restart=0 step=1724 total_steps=1724 seconds=0.718
best=845 restart=0 step=1732 total_steps=1732 seconds=0.729
best=840 restart=0 step=5716 total_steps=5716 seconds=1.790
best=834 restart=0 step=8698 total_steps=8698 seconds=2.689
restart_done=0 restart_best=834 final=1018 total_steps=100000
best=831 restart=1 step=13773 total_steps=113773 seconds=29.293
restart_done=1 restart_best=831 final=984 total_steps=200000
restart_done=2 restart_best=831 final=867 total_steps=300000
NOT_FOUND global_best=831 total_steps=300000
