c --- [ banner ] -------------------------------------------------------------
c 
c CaDiCaL SAT Solver
c Copyright (c) 2016-2023 A. Biere, M. Fleury, N. Froleyks, K. Fazekas, F. Pollitt
c 
c Version 1.9.5
c g++-13.2.1 20240309
c Feb 28 2024 15:59:11
c 
c --- [ proof tracing ] ------------------------------------------------------
c 
c opening file to write '/mnt/host/c/Users/Edison Yi/Documents/Math Frontier/.tmp/erdos742_order5/norm_t2_path.drat'
c writing binary proof trace to '/mnt/host/c/Users/Edison Yi/Documents/Math Frontier/.tmp/erdos742_order5/norm_t2_path.drat'
c 
c --- [ parsing input ] ------------------------------------------------------
c 
c reading DIMACS file from '/mnt/host/c/Users/Edison Yi/Documents/Math Frontier/.tmp/erdos742_order5/norm_t2_path.cnf'
c opening file to read '/mnt/host/c/Users/Edison Yi/Documents/Math Frontier/.tmp/erdos742_order5/norm_t2_path.cnf'
c found 'p cnf 19449 118359' header
c parsed 118359 clauses in 0.08 seconds process time
c 
c --- [ options ] ------------------------------------------------------------
c 
c all options are set to their default value
c 
c --- [ solving ] ------------------------------------------------------------
c 
c time measured in process time since initialization
c 
c  seconds  reductions  redundant  irredundant
c         MB    restarts       trail       variables
c          level   conflicts       glue         remaining
c 
c *  0.08 19  0 0   0    0    0  0% 0 117665 18273 94%
c {  0.09 19  0 0   0    0    0  0% 0 117665 18273 94%
c i  0.09 19 773 0   0    9    5 33% 3 117665 18222 94%
c -  0.12 18 113 1  12  300  234 39% 8 107824 18222 94%
c i  0.15 19 83 1  16  590  447 38% 8 107823 18221 94%
c -  0.20 21 62 2  25  921  600 39% 7 107794 18221 94%
c }  0.20 21 60 2  34 1001  667 39% 8 107791 18221 94%
c [  0.20 21  0 2  34 1001  667  0% 0 107791 18221 94%
c O  0.20 21  0 2  34 1002  667 16% 0 107791 18221 94%
c i  0.20 21  0 2  34 1002  667 16% 0 107791 18016 93%
c i  0.23 21 12 2  34 1440  951 41% 7 107784 17491 90%
c i  0.24 21 14 2  34 1550 1039 40% 9 107783 17475 90%
c i  0.25 21 17 2  34 1669 1136 40% 10 107783 17470 90%
c -  0.29 20 17 3  34 1852  870 41% 10 95453 17470 90%
c ]  0.37 21 15 3  35 3001 1539 43% 10 95450 17470 90%
c {  0.37 21 60 3  35 3001 1539 39% 8 95450 17470 90%
c F  0.40 20 60 3  36 3004 1541 20% 8 95450 17470 90%
c i  0.40 20 60 3  36 3004 1541 20% 8 95450 17469 90%
c i  0.40 20 60 3  37 3005 1541 18% 8 95450 17468 90%
c -  0.41 19 58 4  40 3052 1199 22% 7 95404 17468 90%
c 
c  seconds  reductions  redundant  irredundant
c         MB    restarts       trail      variables
c          level   conflicts       glue        remaining
c 
c i  0.41 20 55 4  40 3127 1245 27% 7 95400 17455 90%
c i  0.41 20 55 4  40 3143 1257 26% 7 95400 17454 90%
c i  0.41 20 54 4  40 3150 1258 26% 7 95398 17432 90%
c i  0.44 20 45 4  55 3719 1717 34% 7 95393 17416 90%
c i  0.47 20 40 4  58 4104 1956 33% 7 95390 17415 90%
c i  0.48 20 40 4  60 4304 2136 32% 7 95389 17414 90%
c i  0.48 20 40 4  68 4343 2171 32% 7 95388 17407 90%
c i  0.48 20 40 4  68 4345 2171 32% 7 95388 17404 89%
c i  0.49 20 40 4  68 4516 2291 33% 7 95388 17403 89%
c -  0.51 19 40 5  68 4552 1798 32% 7 95191 17403 89%
c i  0.52 20 38 5  68 4738 1899 33% 7 95191 17402 89%
c i  0.52 20 38 5  68 4775 1915 33% 7 95191 17401 89%
c i  0.53 20 38 5  68 4807 1942 33% 7 95191 17400 89%
c d  0.54 20 36 5  69 5000 1954 33% 7 94924 17286 89%
c 2  0.57 17 36 5  69 5000 1953 33% 7 94772 16909 87%
c p  0.62 22 36 5  69 5000 38634 33% 7 94772 16713 86%
c s  0.71 15 33 5  93 5375 38719 33% 6 90112 16713 86%
c v  0.75 22 33 5  93 5375 38719 33% 6 89700 16713 86%
c t  0.76 22 33 5  93 5375 38708 33% 6 89601 16713 86%
c e  0.92 17 33 5  93 5375 23426 33% 6 66819 8121 42%
c 
c  seconds  reductions   redundant  irredundant
c         MB    restarts        trail     variables
c          level   conflicts        glue       remaining
c 
c s  0.95 17 33 5  93 5375 23401 33% 6 66380 8121 42%
c e  1.00 18 33 5  93 5375 22767 33% 6 65874 7957 41%
c #  1.06 23 30 5 162 6006 23261 31% 7 65874 7949 41%
c -  1.12 17 29 6 222 6353 1318 30% 7 65715 7949 41%
c }  1.16 17 26 6 234 7003 1719 29% 7 65715 7949 41%
c [  1.16 17 15 6 234 7003 1719 48% 10 65715 7949 41%
c i  1.17 17 14 6 235 7204 1789 46% 10 65715 7921 41%
c -  1.26 15 14 7 235 8457 1899 43% 10 63958 7921 41%
c I  1.32 16 14 7 236 10008 3060 42% 10 63958 7921 41%
c -  1.36 16 14 8 237 10857 2809 42% 10 63958 7921 41%
c -  1.48 16 14 9 239 13557 3339 41% 10 63958 7921 41%
c d  1.58 16 14 9 239 15000 4479 41% 10 63950 7916 41%
c 2  1.60 16 14 9 239 15000 4462 41% 10 63939 7897 41%
c p  1.67 23 14 9 239 15000 59001 41% 10 63939 7850 40%
c d  1.69 20 14 9 239 15000 58583 41% 10 62894 7846 40%
c ]  1.69 20 14 9 239 15003 58586 41% 10 62894 7846 40%
c {  1.69 20 26 9 239 15003 58586 63% 7 62894 7846 40%
c B  1.69 20 26 9 241 15009 58592 63% 7 62894 7846 40%
c i  1.76 21 24 9 359 15872 59200 59% 7 62894 7845 40%
c -  1.82 17 23 10 429 16557 4178 57% 7 62867 7845 40%
c 
c  seconds  reductions    redundant  irredundant
c         MB     restarts        trail     variables
c          level     conflicts       glue       remaining
c 
c i  1.84 17 22 10 431 16922 4437 56% 7 62867 7805 40%
c s  1.91 13 21 10 439 17582 4835 54% 7 62567 7805 40%
c v  1.94 16 21 10 439 17582 4835 54% 7 62440 7805 40%
c w  1.95 17 21 10 439 17582 4829 54% 7 62440 7805 40%
c t  1.96 17 21 10 439 17582 4828 54% 7 62300 7804 40%
c e  2.02 13 21 10 439 17582 4542 54% 7 60122 7404 38%
c s  2.04 13 21 10 439 17582 4519 54% 7 59965 7404 38%
c e  2.06 13 21 10 439 17582 4449 54% 7 59623 7331 38%
c i  2.08 17 21 10 439 17895 4673 53% 7 59623 7330 38%
c i  2.15 17 19 10 473 19195 5468 51% 7 59623 7274 37%
c -  2.21 14 19 11 564 19857 3017 50% 7 57303 7274 37%
c i  2.23 14 19 11 564 20085 3142 49% 7 57303 7273 37%
c i  2.28 14 18 11 630 20968 3709 48% 7 57303 7217 37%
c W  2.32 13 18 11 636 21010 3378 48% 7 55115 7217 37%
c i  2.35 13 18 11 670 21747 3959 47% 7 55115 7216 37%
c i  2.39 14 17 11 708 22526 4466 47% 6 55115 7172 37%
c i  2.44 14 17 11 778 23309 4995 46% 6 55115 7171 37%
c -  2.46 12 17 12 808 23457 3360 46% 7 53565 7171 37%
c i  2.48 13 16 12 856 23966 3652 45% 6 53565 7170 37%
c i  2.53 13 16 12 870 25128 4395 45% 6 53565 7169 37%
c 
c  seconds  reductions    redundant  irredundant
c         MB     restarts        trail     variables
c          level     conflicts       glue       remaining
c 
c i  2.57 13 15 12 890 25957 4945 44% 6 53565 7037 36%
c -  2.65 12 15 13 975 27357 3738 38% 6 51831 7037 36%
c F  2.68 13 15 13 1079 28012 4233 38% 6 51831 7037 36%
c i  2.70 13 15 13 1080 28422 4493 38% 6 51831 7036 36%
c i  2.72 13 14 13 1080 28830 4751 38% 6 51831 6791 35%
c i  2.75 13 14 13 1093 29593 5302 38% 6 51831 6729 35%
c i  2.76 13 14 13 1093 29875 5481 38% 6 51831 6685 34%
c d  2.78 13 14 13 1094 30001 3592 38% 6 43754 6679 34%
c d  2.78 13 14 13 1094 30001 3592 38% 6 43748 6676 34%
c 2  2.80 13 14 13 1094 30001 3580 38% 6 43736 6619 34%
c p  2.88 19 14 13 1094 30001 49863 38% 6 43736 6231 32%
c i  2.90 18 14 13 1104 30375 50070 38% 6 43736 5954 31%
c i  2.90 18 14 13 1112 30508 50159 38% 6 43736 5888 30%
c i  2.91 18 14 13 1112 30536 50168 38% 6 43736 5495 28%
c i  2.91 18 14 13 1112 30803 50311 39% 6 43736 5392 28%
c i  2.91 18 14 13 1112 30805 50312 39% 6 43736 5276 27%
c i  2.91 18 14 13 1112 30807 50313 39% 6 43736 5178 27%
c }  2.92 18 14 13 1112 31003 50443 39% 6 43736 5178 27%
c [  2.92 18 14 13 1112 31003 50443 47% 10 43736 5178 27%
c i  2.92 18 13 13 1112 31134 50496 47% 10 43736 4990 26%
c 
c  seconds  reductions      redundant   irredundant
c         MB     restarts          trail      variables
c          level      conflicts        glue        remaining
c 
c i  2.93 18 13 13 1112 31175 50512 46% 10 43736 4939 25%
c i  2.93 18 13 13 1112 31223 50536 46% 10 43736 4823 25%
c i  2.93 18 13 13 1112 31241 50543 46% 10 43736 4733 24%
c i  2.93 18 13 13 1112 31244 50544 46% 10 43736 4343 22%
c ]  2.93 18 13 13 1112 31246 50544 46% 10 43736 4325 22%
c 0  2.93 18 13 13 1112 31246 50544 46% 10 43736 4325 22%
c 
c --- [ closing proof ] ------------------------------------------------------
c 
c DRAT proof file '/mnt/host/c/Users/Edison Yi/Documents/Math Frontier/.tmp/erdos742_order5/norm_t2_path.drat' closed
c DRAT 226572 added clauses 48.35%
c DRAT 242035 deleted clauses 51.65%
c DRAT 6821509 bytes (6.51 MB)
c 
c --- [ result ] -------------------------------------------------------------
c 
s UNSATISFIABLE
c 
c --- [ run-time profiling ] -------------------------------------------------
c 
c process time taken by individual solving procedures
c (percentage relative to process time for solving)
c 
c         2.03   71.33% search
c         1.40   49.30% unstable
c         0.81   28.61% simplify
c         0.59   20.88% stable
c         0.27    9.60% elim
c         0.21    7.48% probe
c         0.13    4.64% subsume
c         0.08    2.92% parse
c         0.06    2.24% vivify
c         0.05    1.60% ternary
c         0.03    1.06% walk
c         0.00    0.08% lucky
c   =================================
c         2.85   97.10% solve
c 
c last line shows process time for solving
c (percentage relative to total process time)
c 
c --- [ statistics ] ---------------------------------------------------------
c 
c chronological:              7480        23.94 %  of conflicts
c conflicts:                 31246     10981.08    per second
c decisions:                 52059     18295.60    per second
c eliminated:                 9182        47.21 %  of all variables
c fixed:                      5810        29.87 %  of all variables
c learned:                   30180        96.59 %  per conflict
c learned_lits:            1565128       100.00 %  learned literals
c minimized:                     0         0.00 %  learned literals
c shrunken:                 880075        56.23 %  learned literals
c minishrunken:             149086         9.53 %  learned literals
c otfs:                        326         1.04 %  of conflict
c propagations:           21036402         7.39 M  per second
c reduced:                    8454        27.06 %  per conflict
c rephased:                      7      4463.71    interval
c restarts:                   1112        28.10    interval
c stabilizing:                   3        32.73 %  of conflicts
c substituted:                 132         0.68 %  of all variables
c subsumed:                  15933         4.99 %  of all clauses
c strengthened:              13812         4.32 %  of all clauses
c ternary:                      24         0.16 %  of resolved
c trail reuses:                  0         0.00 %  of incremental calls
c vivified:                    454         0.14 %  of all clauses
c walked:                        1     31246.00    interval
c weakened:                  40771         3.58    average size
c 
c seconds are measured in process time for solving
c 
c --- [ resources ] ----------------------------------------------------------
c 
c total process time since initialization:         2.93    seconds
c total real time since initialization:            4.42    seconds
c maximum resident set size of process:           25.97    MB
c 
c --- [ shutting down ] ------------------------------------------------------
c 
c exit 20
