c --- [ banner ] -------------------------------------------------------------
c 
c CaDiCaL SAT Solver
c Copyright (c) 2016-2023 A. Biere, M. Fleury, N. Froleyks, K. Fazekas, F. Pollitt
c 
c Version 1.9.5
c g++-13.2.1 20240309
c Feb 28 2024 15:59:11
c 
c --- [ proof tracing ] ------------------------------------------------------
c 
c opening file to write '/mnt/host/c/Users/Edison Yi/Documents/Math Frontier/.tmp/erdos742_order5/norm_t7_comp_path3_edge.drat'
c writing binary proof trace to '/mnt/host/c/Users/Edison Yi/Documents/Math Frontier/.tmp/erdos742_order5/norm_t7_comp_path3_edge.drat'
c 
c --- [ parsing input ] ------------------------------------------------------
c 
c reading DIMACS file from '/mnt/host/c/Users/Edison Yi/Documents/Math Frontier/.tmp/erdos742_order5/norm_t7_comp_path3_edge.cnf'
c opening file to read '/mnt/host/c/Users/Edison Yi/Documents/Math Frontier/.tmp/erdos742_order5/norm_t7_comp_path3_edge.cnf'
c found 'p cnf 19317 117877' header
c parsed 117877 clauses in 0.08 seconds process time
c 
c --- [ options ] ------------------------------------------------------------
c 
c all options are set to their default value
c 
c --- [ solving ] ------------------------------------------------------------
c 
c time measured in process time since initialization
c 
c  seconds  reductions  redundant  irredundant
c         MB    restarts       trail       variables
c          level   conflicts       glue         remaining
c 
c *  0.08 19  0 0   0    0    0  0% 0 117259 18112 94%
c {  0.08 19  0 0   0    0    0  0% 0 117259 18112 94%
c i  0.08 19 781 0   0    1    0 37% 0 117259 18100 94%
c i  0.08 19 788 0   0    5    3 37% 1 117259 18088 94%
c i  0.08 19 781 0   0   13    8 37% 3 117259 18086 94%
c i  0.08 19 769 0   0   26   13 36% 9 117259 18082 94%
c i  0.09 19 632 0   1   32   18 35% 8 117259 18081 94%
c i  0.09 19 580 0   1   35   20 35% 7 117259 18080 94%
c i  0.09 19 565 0   1   36   20 35% 7 117259 18079 94%
c i  0.10 19 196 0   4  123   89 36% 9 117258 18067 94%
c i  0.10 19 194 0   4  124   89 36% 9 117258 17726 92%
c i  0.10 19 141 0   4  194  130 32% 8 117258 17701 92%
c i  0.10 19 128 0   4  225  146 32% 7 117258 17697 92%
c -  0.12 18 99 1   4  300  182 32% 7 101300 17661 91%
c i  0.13 18 83 1   4  409  267 34% 6 101299 17660 91%
c i  0.15 18 68 1  11  522  359 35% 6 101298 17659 91%
c i  0.15 18 68 1  11  523  359 35% 6 101298 17658 91%
c i  0.15 18 68 1  11  524  359 35% 6 101298 17657 91%
c i  0.15 18 68 1  12  525  359 35% 6 101298 17656 91%
c i  0.15 18 68 1  12  526  359 35% 6 101298 17655 91%
c 
c  seconds  reductions  redundant  irredundant
c         MB    restarts       trail       variables
c          level   conflicts       glue         remaining
c 
c i  0.15 18 67 1  12  527  359 35% 6 101298 17654 91%
c -  0.22 20 50 2  14  903  548 35% 6 101118 17654 91%
c }  0.23 21 47 2  20 1001  641 36% 6 101118 17654 91%
c [  0.23 21  0 2  20 1001  641  0% 0 101118 17654 91%
c O  0.23 21  2 2  20 1002  642 24% 2 101118 17654 91%
c -  0.29 20 11 3  20 1807 1032 42% 7 101097 17654 91%
c i  0.31 20 13 3  21 2097 1250 42% 7 101090 17653 91%
c ]  0.36 20 12 3  21 3001 1924 44% 7 101081 17653 91%
c {  0.36 20 47 3  21 3001 1924 36% 6 101081 17653 91%
c F  0.36 21 47 3  22 3003 1926 36% 6 101081 17653 91%
c -  0.37 20 47 4  25 3013 1587 36% 6 101057 17653 91%
c i  0.42 21 32 4  98 4074 2279 36% 6 101033 17652 91%
c i  0.44 21 33 4 101 4473 2617 37% 6 101029 17641 91%
c -  0.46 20 33 5 101 4521 1895 36% 6 100981 17641 91%
c i  0.47 21 31 5 109 4797 2072 37% 6 100980 17640 91%
c i  0.47 21 31 5 109 4799 2073 37% 6 100980 17639 91%
c d  0.49 20 30 5 117 5000 2186 37% 6 100625 17474 90%
c 2  0.51 17 30 5 117 5000 2188 37% 6 100537 17107 89%
c p  0.55 20 30 5 117 5000 28075 37% 6 100537 16871 87%
c d  0.56 19 30 5 117 5000 17056 37% 6 91551 16870 87%
c 
c  seconds  reductions   redundant  irredundant
c         MB    restarts        trail      variables
c          level   conflicts        glue        remaining
c 
c i  0.59 19 30 5 124 5041 17095 26% 6 91551 16869 87%
c i  0.59 19 30 5 128 5056 17106 25% 6 91550 16849 87%
c i  0.59 19 30 5 129 5060 17106 24% 6 91549 16845 87%
c i  0.60 19 29 5 133 5258 17239 26% 6 91549 16842 87%
c s  0.64 13 28 5 154 5391 17022 27% 6 87206 16842 87%
c v  0.66 19 28 5 154 5391 17022 27% 6 87085 16842 87%
c w  0.67 18 28 5 154 5391 17015 27% 6 87085 16822 87%
c t  0.67 18 28 5 154 5391 17007 27% 6 87065 16822 87%
c e  0.85 16 28 5 154 5391 9914 27% 6 73548 8607 45%
c s  0.89 16 28 5 154 5391 9882 27% 6 72964 8607 45%
c e  0.95 16 28 5 154 5391 9450 27% 6 72055 8300 43%
c #  1.03 21 26 5 251 6010 9884 22% 6 72055 8294 43%
c i  1.03 21 26 5 251 6085 9945 22% 6 72055 8293 43%
c -  1.08 17 25 6 279 6328 1389 21% 6 71899 8293 43%
c i  1.14 18 24 6 364 6977 1851 20% 6 71899 8284 43%
c }  1.14 18 24 6 370 7002 1875 20% 6 71899 8284 43%
c [  1.14 18 12 6 370 7002 1875 50% 7 71899 8284 43%
c -  1.25 17 12 7 371 8432 2392 38% 7 71863 8284 43%
c i  1.37 18 12 7 372 9955 3395 33% 7 71863 8201 42%
c I  1.40 16 12 7 372 10014 2047 46% 7 68806 8201 42%
c 
c  seconds  reductions   redundant  irredundant
c         MB    restarts        trail     variables
c          level    conflicts       glue       remaining
c 
c -  1.46 15 12 8 373 10833 2148 41% 7 68806 8201 42%
c i  1.46 16 12 8 373 10854 2165 41% 7 68806 8134 42%
c i  1.49 16 11 8 373 11257 2430 42% 7 68806 7956 41%
c i  1.49 16 11 8 373 11263 2432 42% 7 68806 7866 41%
c i  1.49 16 11 8 373 11264 2432 42% 7 68806 7850 41%
c i  1.49 16 11 8 373 11275 2442 42% 7 68806 6967 36%
c ]  1.50 16 11 8 373 11279 2443 42% 7 68806 6508 34%
c 0  1.50 16 11 8 373 11279 2443 42% 7 68806 6508 34%
c 
c --- [ closing proof ] ------------------------------------------------------
c 
c DRAT proof file '/mnt/host/c/Users/Edison Yi/Documents/Math Frontier/.tmp/erdos742_order5/norm_t7_comp_path3_edge.drat' closed
c DRAT 80970 added clauses 39.61%
c DRAT 123460 deleted clauses 60.39%
c DRAT 3301068 bytes (3.15 MB)
c 
c --- [ result ] -------------------------------------------------------------
c 
s UNSATISFIABLE
c 
c --- [ run-time profiling ] -------------------------------------------------
c 
c process time taken by individual solving procedures
c (percentage relative to process time for solving)
c 
c         1.00   70.45% search
c         0.52   36.58% unstable
c         0.48   33.70% stable
c         0.42   29.49% simplify
c         0.25   17.34% elim
c         0.08    5.51% parse
c         0.06    4.52% subsume
c         0.04    2.60% probe
c         0.02    1.59% vivify
c         0.02    1.24% ternary
c         0.00    0.16% lucky
c   =================================
c         1.42   94.73% solve
c 
c last line shows process time for solving
c (percentage relative to total process time)
c 
c --- [ statistics ] ---------------------------------------------------------
c 
c chronological:              3587        31.80 %  of conflicts
c conflicts:                 11279      7956.85    per second
c decisions:                 24664     17399.39    per second
c eliminated:                 8506        44.03 %  of all variables
c fixed:                      4137        21.42 %  of all variables
c learned:                   10622        94.18 %  per conflict
c learned_lits:             481039       100.00 %  learned literals
c minimized:                     0         0.00 %  learned literals
c shrunken:                 256387        53.30 %  learned literals
c minishrunken:              53170        11.05 %  learned literals
c otfs:                        253         2.24 %  of conflict
c propagations:            9715873         6.85 M  per second
c reduced:                    2185        19.37 %  per conflict
c rephased:                      4      2819.75    interval
c restarts:                    373        30.24    interval
c stabilizing:                   2        55.32 %  of conflicts
c substituted:                 166         0.86 %  of all variables
c subsumed:                   9571         5.18 %  of all clauses
c strengthened:              10145         5.49 %  of all clauses
c ternary:                       2         0.03 %  of resolved
c trail reuses:                  0         0.00 %  of incremental calls
c vivified:                    127         0.07 %  of all clauses
c weakened:                  37048         3.78    average size
c 
c seconds are measured in process time for solving
c 
c --- [ resources ] ----------------------------------------------------------
c 
c total process time since initialization:         1.50    seconds
c total real time since initialization:            2.46    seconds
c maximum resident set size of process:           24.74    MB
c 
c --- [ shutting down ] ------------------------------------------------------
c 
c exit 20
